<?xml version="1.0"?>
<link_info>
   <banner>TMS320C6x Linker Unix v8.2.2</banner>
   <copyright>Copyright (c) 1996-2017 Texas Instruments Incorporated</copyright>
   <link_time>0x5cc03ed1</link_time>
   <link_errors>0x0</link_errors>
   <output_file>lab2.out</output_file>
   <entry_point>
      <name>_c_int00</name>
      <address>0xea40</address>
   </entry_point>
   <input_file_list>
      <input_file id="fl-2">
         <path>./</path>
         <kind>object</kind>
         <file>main.obj</file>
         <name>main.obj</name>
      </input_file>
      <input_file id="fl-5">
         <kind>object</kind>
         <file>&lt;internal&gt;</file>
         <name>&lt;internal&gt;</name>
      </input_file>
      <input_file id="fl-1f">
         <path>/home/abdu/ti/ti-cgt-c6000_8.2.2/lib/</path>
         <kind>archive</kind>
         <file>rts6600_elf.lib</file>
         <name>boot.obj</name>
      </input_file>
      <input_file id="fl-20">
         <path>/home/abdu/ti/ti-cgt-c6000_8.2.2/lib/</path>
         <kind>archive</kind>
         <file>rts6600_elf.lib</file>
         <name>copy_decompress_none.obj</name>
      </input_file>
      <input_file id="fl-21">
         <path>/home/abdu/ti/ti-cgt-c6000_8.2.2/lib/</path>
         <kind>archive</kind>
         <file>rts6600_elf.lib</file>
         <name>copy_decompress_rle.obj</name>
      </input_file>
      <input_file id="fl-22">
         <path>/home/abdu/ti/ti-cgt-c6000_8.2.2/lib/</path>
         <kind>archive</kind>
         <file>rts6600_elf.lib</file>
         <name>copy_zero_init.obj</name>
      </input_file>
      <input_file id="fl-23">
         <path>/home/abdu/ti/ti-cgt-c6000_8.2.2/lib/</path>
         <kind>archive</kind>
         <file>rts6600_elf.lib</file>
         <name>exit.obj</name>
      </input_file>
      <input_file id="fl-24">
         <path>/home/abdu/ti/ti-cgt-c6000_8.2.2/lib/</path>
         <kind>archive</kind>
         <file>rts6600_elf.lib</file>
         <name>memcpy64.obj</name>
      </input_file>
      <input_file id="fl-25">
         <path>/home/abdu/ti/ti-cgt-c6000_8.2.2/lib/</path>
         <kind>archive</kind>
         <file>rts6600_elf.lib</file>
         <name>memset.obj</name>
      </input_file>
      <input_file id="fl-26">
         <path>/home/abdu/ti/ti-cgt-c6000_8.2.2/lib/</path>
         <kind>archive</kind>
         <file>rts6600_elf.lib</file>
         <name>pre_init.obj</name>
      </input_file>
      <input_file id="fl-27">
         <path>/home/abdu/ti/ti-cgt-c6000_8.2.2/lib/</path>
         <kind>archive</kind>
         <file>rts6600_elf.lib</file>
         <name>printf.obj</name>
      </input_file>
      <input_file id="fl-28">
         <path>/home/abdu/ti/ti-cgt-c6000_8.2.2/lib/</path>
         <kind>archive</kind>
         <file>rts6600_elf.lib</file>
         <name>_lock.obj</name>
      </input_file>
      <input_file id="fl-29">
         <path>/home/abdu/ti/ti-cgt-c6000_8.2.2/lib/</path>
         <kind>archive</kind>
         <file>rts6600_elf.lib</file>
         <name>_printfi.obj</name>
      </input_file>
      <input_file id="fl-2a">
         <path>/home/abdu/ti/ti-cgt-c6000_8.2.2/lib/</path>
         <kind>archive</kind>
         <file>rts6600_elf.lib</file>
         <name>args_main.obj</name>
      </input_file>
      <input_file id="fl-2b">
         <path>/home/abdu/ti/ti-cgt-c6000_8.2.2/lib/</path>
         <kind>archive</kind>
         <file>rts6600_elf.lib</file>
         <name>atoi.obj</name>
      </input_file>
      <input_file id="fl-2c">
         <path>/home/abdu/ti/ti-cgt-c6000_8.2.2/lib/</path>
         <kind>archive</kind>
         <file>rts6600_elf.lib</file>
         <name>autoinit.obj</name>
      </input_file>
      <input_file id="fl-2d">
         <path>/home/abdu/ti/ti-cgt-c6000_8.2.2/lib/</path>
         <kind>archive</kind>
         <file>rts6600_elf.lib</file>
         <name>cpy_tbl.obj</name>
      </input_file>
      <input_file id="fl-2e">
         <path>/home/abdu/ti/ti-cgt-c6000_8.2.2/lib/</path>
         <kind>archive</kind>
         <file>rts6600_elf.lib</file>
         <name>ctype.obj</name>
      </input_file>
      <input_file id="fl-2f">
         <path>/home/abdu/ti/ti-cgt-c6000_8.2.2/lib/</path>
         <kind>archive</kind>
         <file>rts6600_elf.lib</file>
         <name>defs.obj</name>
      </input_file>
      <input_file id="fl-30">
         <path>/home/abdu/ti/ti-cgt-c6000_8.2.2/lib/</path>
         <kind>archive</kind>
         <file>rts6600_elf.lib</file>
         <name>divd.obj</name>
      </input_file>
      <input_file id="fl-31">
         <path>/home/abdu/ti/ti-cgt-c6000_8.2.2/lib/</path>
         <kind>archive</kind>
         <file>rts6600_elf.lib</file>
         <name>divu.obj</name>
      </input_file>
      <input_file id="fl-32">
         <path>/home/abdu/ti/ti-cgt-c6000_8.2.2/lib/</path>
         <kind>archive</kind>
         <file>rts6600_elf.lib</file>
         <name>fputc.obj</name>
      </input_file>
      <input_file id="fl-33">
         <path>/home/abdu/ti/ti-cgt-c6000_8.2.2/lib/</path>
         <kind>archive</kind>
         <file>rts6600_elf.lib</file>
         <name>fputs.obj</name>
      </input_file>
      <input_file id="fl-34">
         <path>/home/abdu/ti/ti-cgt-c6000_8.2.2/lib/</path>
         <kind>archive</kind>
         <file>rts6600_elf.lib</file>
         <name>frcmpyd_div.obj</name>
      </input_file>
      <input_file id="fl-35">
         <path>/home/abdu/ti/ti-cgt-c6000_8.2.2/lib/</path>
         <kind>archive</kind>
         <file>rts6600_elf.lib</file>
         <name>frexp.obj</name>
      </input_file>
      <input_file id="fl-36">
         <path>/home/abdu/ti/ti-cgt-c6000_8.2.2/lib/</path>
         <kind>archive</kind>
         <file>rts6600_elf.lib</file>
         <name>imath40.obj</name>
      </input_file>
      <input_file id="fl-37">
         <path>/home/abdu/ti/ti-cgt-c6000_8.2.2/lib/</path>
         <kind>archive</kind>
         <file>rts6600_elf.lib</file>
         <name>imath64.obj</name>
      </input_file>
      <input_file id="fl-38">
         <path>/home/abdu/ti/ti-cgt-c6000_8.2.2/lib/</path>
         <kind>archive</kind>
         <file>rts6600_elf.lib</file>
         <name>isinf.obj</name>
      </input_file>
      <input_file id="fl-39">
         <path>/home/abdu/ti/ti-cgt-c6000_8.2.2/lib/</path>
         <kind>archive</kind>
         <file>rts6600_elf.lib</file>
         <name>ldexp.obj</name>
      </input_file>
      <input_file id="fl-3a">
         <path>/home/abdu/ti/ti-cgt-c6000_8.2.2/lib/</path>
         <kind>archive</kind>
         <file>rts6600_elf.lib</file>
         <name>llabs.obj</name>
      </input_file>
      <input_file id="fl-3b">
         <path>/home/abdu/ti/ti-cgt-c6000_8.2.2/lib/</path>
         <kind>archive</kind>
         <file>rts6600_elf.lib</file>
         <name>llshift.obj</name>
      </input_file>
      <input_file id="fl-3c">
         <path>/home/abdu/ti/ti-cgt-c6000_8.2.2/lib/</path>
         <kind>archive</kind>
         <file>rts6600_elf.lib</file>
         <name>ltoa.obj</name>
      </input_file>
      <input_file id="fl-3d">
         <path>/home/abdu/ti/ti-cgt-c6000_8.2.2/lib/</path>
         <kind>archive</kind>
         <file>rts6600_elf.lib</file>
         <name>memccpy.obj</name>
      </input_file>
      <input_file id="fl-3e">
         <path>/home/abdu/ti/ti-cgt-c6000_8.2.2/lib/</path>
         <kind>archive</kind>
         <file>rts6600_elf.lib</file>
         <name>startup.obj</name>
      </input_file>
      <input_file id="fl-3f">
         <path>/home/abdu/ti/ti-cgt-c6000_8.2.2/lib/</path>
         <kind>archive</kind>
         <file>rts6600_elf.lib</file>
         <name>tls.obj</name>
      </input_file>
      <input_file id="fl-40">
         <path>/home/abdu/ti/ti-cgt-c6000_8.2.2/lib/</path>
         <kind>archive</kind>
         <file>rts6600_elf.lib</file>
         <name>tls_get_tp.obj</name>
      </input_file>
      <input_file id="fl-41">
         <path>/home/abdu/ti/ti-cgt-c6000_8.2.2/lib/</path>
         <kind>archive</kind>
         <file>rts6600_elf.lib</file>
         <name>write.obj</name>
      </input_file>
      <input_file id="fl-42">
         <path>/home/abdu/ti/ti-cgt-c6000_8.2.2/lib/</path>
         <kind>archive</kind>
         <file>rts6600_elf.lib</file>
         <name>_io_perm.obj</name>
      </input_file>
      <input_file id="fl-43">
         <path>/home/abdu/ti/ti-cgt-c6000_8.2.2/lib/</path>
         <kind>archive</kind>
         <file>rts6600_elf.lib</file>
         <name>errno.obj</name>
      </input_file>
      <input_file id="fl-44">
         <path>/home/abdu/ti/ti-cgt-c6000_8.2.2/lib/</path>
         <kind>archive</kind>
         <file>rts6600_elf.lib</file>
         <name>fflush.obj</name>
      </input_file>
      <input_file id="fl-45">
         <path>/home/abdu/ti/ti-cgt-c6000_8.2.2/lib/</path>
         <kind>archive</kind>
         <file>rts6600_elf.lib</file>
         <name>fseek.obj</name>
      </input_file>
      <input_file id="fl-46">
         <path>/home/abdu/ti/ti-cgt-c6000_8.2.2/lib/</path>
         <kind>archive</kind>
         <file>rts6600_elf.lib</file>
         <name>hostclose.obj</name>
      </input_file>
      <input_file id="fl-47">
         <path>/home/abdu/ti/ti-cgt-c6000_8.2.2/lib/</path>
         <kind>archive</kind>
         <file>rts6600_elf.lib</file>
         <name>hostlseek.obj</name>
      </input_file>
      <input_file id="fl-48">
         <path>/home/abdu/ti/ti-cgt-c6000_8.2.2/lib/</path>
         <kind>archive</kind>
         <file>rts6600_elf.lib</file>
         <name>hostopen.obj</name>
      </input_file>
      <input_file id="fl-49">
         <path>/home/abdu/ti/ti-cgt-c6000_8.2.2/lib/</path>
         <kind>archive</kind>
         <file>rts6600_elf.lib</file>
         <name>hostread.obj</name>
      </input_file>
      <input_file id="fl-4a">
         <path>/home/abdu/ti/ti-cgt-c6000_8.2.2/lib/</path>
         <kind>archive</kind>
         <file>rts6600_elf.lib</file>
         <name>hostrename.obj</name>
      </input_file>
      <input_file id="fl-4b">
         <path>/home/abdu/ti/ti-cgt-c6000_8.2.2/lib/</path>
         <kind>archive</kind>
         <file>rts6600_elf.lib</file>
         <name>hostunlink.obj</name>
      </input_file>
      <input_file id="fl-4c">
         <path>/home/abdu/ti/ti-cgt-c6000_8.2.2/lib/</path>
         <kind>archive</kind>
         <file>rts6600_elf.lib</file>
         <name>hostwrite.obj</name>
      </input_file>
      <input_file id="fl-4d">
         <path>/home/abdu/ti/ti-cgt-c6000_8.2.2/lib/</path>
         <kind>archive</kind>
         <file>rts6600_elf.lib</file>
         <name>lseek.obj</name>
      </input_file>
      <input_file id="fl-4e">
         <path>/home/abdu/ti/ti-cgt-c6000_8.2.2/lib/</path>
         <kind>archive</kind>
         <file>rts6600_elf.lib</file>
         <name>setvbuf.obj</name>
      </input_file>
      <input_file id="fl-4f">
         <path>/home/abdu/ti/ti-cgt-c6000_8.2.2/lib/</path>
         <kind>archive</kind>
         <file>rts6600_elf.lib</file>
         <name>trgmsg.obj</name>
      </input_file>
      <input_file id="fl-50">
         <path>/home/abdu/ti/ti-cgt-c6000_8.2.2/lib/</path>
         <kind>archive</kind>
         <file>rts6600_elf.lib</file>
         <name>fopen.obj</name>
      </input_file>
      <input_file id="fl-51">
         <path>/home/abdu/ti/ti-cgt-c6000_8.2.2/lib/</path>
         <kind>archive</kind>
         <file>rts6600_elf.lib</file>
         <name>memory.obj</name>
      </input_file>
      <input_file id="fl-52">
         <path>/home/abdu/ti/ti-cgt-c6000_8.2.2/lib/</path>
         <kind>archive</kind>
         <file>rts6600_elf.lib</file>
         <name>open.obj</name>
      </input_file>
      <input_file id="fl-53">
         <path>/home/abdu/ti/ti-cgt-c6000_8.2.2/lib/</path>
         <kind>archive</kind>
         <file>rts6600_elf.lib</file>
         <name>fclose.obj</name>
      </input_file>
      <input_file id="fl-54">
         <path>/home/abdu/ti/ti-cgt-c6000_8.2.2/lib/</path>
         <kind>archive</kind>
         <file>rts6600_elf.lib</file>
         <name>getdevice.obj</name>
      </input_file>
      <input_file id="fl-55">
         <path>/home/abdu/ti/ti-cgt-c6000_8.2.2/lib/</path>
         <kind>archive</kind>
         <file>rts6600_elf.lib</file>
         <name>remove.obj</name>
      </input_file>
      <input_file id="fl-56">
         <path>/home/abdu/ti/ti-cgt-c6000_8.2.2/lib/</path>
         <kind>archive</kind>
         <file>rts6600_elf.lib</file>
         <name>unlink.obj</name>
      </input_file>
      <input_file id="fl-57">
         <path>/home/abdu/ti/ti-cgt-c6000_8.2.2/lib/</path>
         <kind>archive</kind>
         <file>rts6600_elf.lib</file>
         <name>close.obj</name>
      </input_file>
   </input_file_list>
   <object_component_list>
      <object_component id="oc-f6">
         <name>.text:__TI_printfi</name>
         <load_address>0x8000</load_address>
         <run_address>0x8000</run_address>
         <size>0x1c40</size>
         <input_file_ref idref="fl-29"/>
      </object_component>
      <object_component id="oc-15d">
         <name>.text:_pconv_a</name>
         <load_address>0x9c40</load_address>
         <run_address>0x9c40</run_address>
         <size>0x680</size>
         <input_file_ref idref="fl-29"/>
      </object_component>
      <object_component id="oc-1bc">
         <name>.text:__c6xabi_divd</name>
         <load_address>0xa2c0</load_address>
         <run_address>0xa2c0</run_address>
         <size>0x600</size>
         <input_file_ref idref="fl-30"/>
      </object_component>
      <object_component id="oc-14b">
         <name>.text:_pconv_g</name>
         <load_address>0xa8c0</load_address>
         <run_address>0xa8c0</run_address>
         <size>0x5c0</size>
         <input_file_ref idref="fl-29"/>
      </object_component>
      <object_component id="oc-157">
         <name>.text:_pconv_e</name>
         <load_address>0xae80</load_address>
         <run_address>0xae80</run_address>
         <size>0x460</size>
         <input_file_ref idref="fl-29"/>
      </object_component>
      <object_component id="oc-254">
         <name>.text:free</name>
         <load_address>0xb2e0</load_address>
         <run_address>0xb2e0</run_address>
         <size>0x440</size>
         <input_file_ref idref="fl-51"/>
      </object_component>
      <object_component id="oc-12c">
         <name>.text:fputs</name>
         <load_address>0xb720</load_address>
         <run_address>0xb720</run_address>
         <size>0x3e0</size>
         <input_file_ref idref="fl-33"/>
      </object_component>
      <object_component id="oc-1cf">
         <name>.text:fcvt</name>
         <load_address>0xbb00</load_address>
         <run_address>0xbb00</run_address>
         <size>0x2e0</size>
         <input_file_ref idref="fl-29"/>
      </object_component>
      <object_component id="oc-151">
         <name>.text:_pconv_f</name>
         <load_address>0xbde0</load_address>
         <run_address>0xbde0</run_address>
         <size>0x280</size>
         <input_file_ref idref="fl-29"/>
      </object_component>
      <object_component id="oc-1a9">
         <name>.text:__c6xabi_divull</name>
         <load_address>0xc060</load_address>
         <run_address>0xc060</run_address>
         <size>0x240</size>
         <input_file_ref idref="fl-37"/>
      </object_component>
      <object_component id="oc-13f">
         <name>.text:_ltostr</name>
         <load_address>0xc2a0</load_address>
         <run_address>0xc2a0</run_address>
         <size>0x240</size>
         <input_file_ref idref="fl-29"/>
      </object_component>
      <object_component id="oc-125">
         <name>.text:fputc</name>
         <load_address>0xc4e0</load_address>
         <run_address>0xc4e0</run_address>
         <size>0x220</size>
         <input_file_ref idref="fl-32"/>
      </object_component>
      <object_component id="oc-1f4">
         <name>.text:setvbuf</name>
         <load_address>0xc700</load_address>
         <run_address>0xc700</run_address>
         <size>0x220</size>
         <input_file_ref idref="fl-4e"/>
      </object_component>
      <object_component id="oc-1af">
         <name>.text:__c6xabi_divul</name>
         <load_address>0xc920</load_address>
         <run_address>0xc920</run_address>
         <size>0x1c0</size>
         <input_file_ref idref="fl-36"/>
      </object_component>
      <object_component id="oc-2e7">
         <name>.text:HOSTrename</name>
         <load_address>0xcae0</load_address>
         <run_address>0xcae0</run_address>
         <size>0x1a0</size>
         <input_file_ref idref="fl-4a"/>
      </object_component>
      <object_component id="oc-1d7">
         <name>.text:frexp</name>
         <load_address>0xcc80</load_address>
         <run_address>0xcc80</run_address>
         <size>0x180</size>
         <input_file_ref idref="fl-35"/>
      </object_component>
      <object_component id="oc-25a">
         <name>.text:malloc</name>
         <load_address>0xce00</load_address>
         <run_address>0xce00</run_address>
         <size>0x180</size>
         <input_file_ref idref="fl-51"/>
      </object_component>
      <object_component id="oc-57">
         <name>.text:_auto_init_elf</name>
         <load_address>0xcf80</load_address>
         <run_address>0xcf80</run_address>
         <size>0x160</size>
         <input_file_ref idref="fl-2c"/>
      </object_component>
      <object_component id="oc-2a3">
         <name>.text:__TI_closefile</name>
         <load_address>0xd0e0</load_address>
         <run_address>0xd0e0</run_address>
         <size>0x140</size>
         <input_file_ref idref="fl-53"/>
      </object_component>
      <object_component id="oc-330">
         <name>.text:getdevice</name>
         <load_address>0xd220</load_address>
         <run_address>0xd220</run_address>
         <size>0x140</size>
         <input_file_ref idref="fl-54"/>
      </object_component>
      <object_component id="oc-1dd">
         <name>.text:ldexp</name>
         <load_address>0xd360</load_address>
         <run_address>0xd360</run_address>
         <size>0x140</size>
         <input_file_ref idref="fl-39"/>
      </object_component>
      <object_component id="oc-1ee">
         <name>.text:fseek</name>
         <load_address>0xd4a0</load_address>
         <run_address>0xd4a0</run_address>
         <size>0x120</size>
         <input_file_ref idref="fl-45"/>
      </object_component>
      <object_component id="oc-2d">
         <name>.text:__TI_decompress_rle_core</name>
         <load_address>0xd5c0</load_address>
         <run_address>0xd5c0</run_address>
         <size>0x100</size>
         <input_file_ref idref="fl-21"/>
      </object_component>
      <object_component id="oc-18d">
         <name>.text:__TI_wrt_ok</name>
         <load_address>0xd6c0</load_address>
         <run_address>0xd6c0</run_address>
         <size>0x100</size>
         <input_file_ref idref="fl-42"/>
      </object_component>
      <object_component id="oc-133">
         <name>.text:atoi</name>
         <load_address>0xd7c0</load_address>
         <run_address>0xd7c0</run_address>
         <size>0x100</size>
         <input_file_ref idref="fl-2b"/>
      </object_component>
      <object_component id="oc-94">
         <name>.text:copy_in</name>
         <load_address>0xd8c0</load_address>
         <run_address>0xd8c0</run_address>
         <size>0x100</size>
         <input_file_ref idref="fl-2d"/>
      </object_component>
      <object_component id="oc-2db">
         <name>.text:HOSTlseek</name>
         <load_address>0xd9c0</load_address>
         <run_address>0xd9c0</run_address>
         <size>0xe0</size>
         <input_file_ref idref="fl-47"/>
      </object_component>
      <object_component id="oc-2c3">
         <name>.text:HOSTopen</name>
         <load_address>0xdaa0</load_address>
         <run_address>0xdaa0</run_address>
         <size>0xe0</size>
         <input_file_ref idref="fl-48"/>
      </object_component>
      <object_component id="oc-2d5">
         <name>.text:HOSTwrite</name>
         <load_address>0xdb80</load_address>
         <run_address>0xdb80</run_address>
         <size>0xe0</size>
         <input_file_ref idref="fl-4c"/>
      </object_component>
      <object_component id="oc-2fe">
         <name>.text:close</name>
         <load_address>0xdc60</load_address>
         <run_address>0xdc60</run_address>
         <size>0xe0</size>
         <input_file_ref idref="fl-57"/>
      </object_component>
      <object_component id="oc-4b">
         <name>.text:exit</name>
         <load_address>0xdd40</load_address>
         <run_address>0xdd40</run_address>
         <size>0xe0</size>
         <input_file_ref idref="fl-23"/>
      </object_component>
      <object_component id="oc-1c2">
         <name>.text:ltoa</name>
         <load_address>0xde20</load_address>
         <run_address>0xde20</run_address>
         <size>0xe0</size>
         <input_file_ref idref="fl-3c"/>
      </object_component>
      <object_component id="oc-39">
         <name>.text:memset</name>
         <load_address>0xdf00</load_address>
         <run_address>0xdf00</run_address>
         <size>0xe0</size>
         <input_file_ref idref="fl-25"/>
      </object_component>
      <object_component id="oc-bd">
         <name>.text:printf</name>
         <load_address>0xdfe0</load_address>
         <run_address>0xdfe0</run_address>
         <size>0xe0</size>
         <input_file_ref idref="fl-27"/>
      </object_component>
      <object_component id="oc-2cf">
         <name>.text:HOSTread</name>
         <load_address>0xe0c0</load_address>
         <run_address>0xe0c0</run_address>
         <size>0xc0</size>
         <input_file_ref idref="fl-49"/>
      </object_component>
      <object_component id="oc-2e1">
         <name>.text:HOSTunlink</name>
         <load_address>0xe180</load_address>
         <run_address>0xe180</run_address>
         <size>0xc0</size>
         <input_file_ref idref="fl-4b"/>
      </object_component>
      <object_component id="oc-199">
         <name>.text:__TI_doflush</name>
         <load_address>0xe240</load_address>
         <run_address>0xe240</run_address>
         <size>0xc0</size>
         <input_file_ref idref="fl-44"/>
      </object_component>
      <object_component id="oc-1b5">
         <name>.text:__divu</name>
         <load_address>0xe300</load_address>
         <run_address>0xe300</run_address>
         <size>0xc0</size>
         <input_file_ref idref="fl-31"/>
      </object_component>
      <object_component id="oc-1c8">
         <name>.text:_ecpy</name>
         <load_address>0xe3c0</load_address>
         <run_address>0xe3c0</run_address>
         <size>0xc0</size>
         <input_file_ref idref="fl-29"/>
      </object_component>
      <object_component id="oc-2ad">
         <name>.text:minsert</name>
         <load_address>0xe480</load_address>
         <run_address>0xe480</run_address>
         <size>0xc0</size>
         <input_file_ref idref="fl-51"/>
      </object_component>
      <object_component id="oc-2b3">
         <name>.text:mremove</name>
         <load_address>0xe540</load_address>
         <run_address>0xe540</run_address>
         <size>0xc0</size>
         <input_file_ref idref="fl-51"/>
      </object_component>
      <object_component id="oc-a0">
         <name>.text:tls:init:__TI_tls_init</name>
         <load_address>0xe600</load_address>
         <run_address>0xe600</run_address>
         <size>0xc0</size>
         <input_file_ref idref="fl-3f"/>
      </object_component>
      <object_component id="oc-2c9">
         <name>.text:HOSTclose</name>
         <load_address>0xe6c0</load_address>
         <run_address>0xe6c0</run_address>
         <size>0xa0</size>
         <input_file_ref idref="fl-46"/>
      </object_component>
      <object_component id="oc-24e">
         <name>.text:__TI_cleanup</name>
         <load_address>0xe760</load_address>
         <run_address>0xe760</run_address>
         <size>0xa0</size>
         <input_file_ref idref="fl-50"/>
      </object_component>
      <object_component id="oc-2ba">
         <name>.text:_minit</name>
         <load_address>0xe800</load_address>
         <run_address>0xe800</run_address>
         <size>0xa0</size>
         <input_file_ref idref="fl-51"/>
      </object_component>
      <object_component id="oc-21">
         <name>.text:memcpy</name>
         <load_address>0xe8a0</load_address>
         <run_address>0xe8a0</run_address>
         <size>0xa0</size>
         <input_file_ref idref="fl-24"/>
      </object_component>
      <object_component id="oc-31b">
         <name>.text:__TI_readmsg</name>
         <load_address>0xe940</load_address>
         <run_address>0xe940</run_address>
         <size>0x80</size>
         <input_file_ref idref="fl-4f"/>
      </object_component>
      <object_component id="oc-20c">
         <name>.text:__c6xabi_llshl</name>
         <load_address>0xe9c0</load_address>
         <run_address>0xe9c0</run_address>
         <size>0x80</size>
         <input_file_ref idref="fl-3b"/>
      </object_component>
      <object_component id="oc-15">
         <name>.text:_c_int00</name>
         <load_address>0xea40</load_address>
         <run_address>0xea40</run_address>
         <size>0x80</size>
         <input_file_ref idref="fl-1f"/>
      </object_component>
      <object_component id="oc-350">
         <name>.text:finddevice</name>
         <load_address>0xeac0</load_address>
         <run_address>0xeac0</run_address>
         <size>0x80</size>
         <input_file_ref idref="fl-54"/>
      </object_component>
      <object_component id="oc-304">
         <name>.text:unlink</name>
         <load_address>0xeb40</load_address>
         <run_address>0xeb40</run_address>
         <size>0x80</size>
         <input_file_ref idref="fl-56"/>
      </object_component>
      <object_component id="oc-223">
         <name>.text:__TI_frcmpyd_div</name>
         <load_address>0xebc0</load_address>
         <run_address>0xebc0</run_address>
         <size>0x60</size>
         <input_file_ref idref="fl-34"/>
      </object_component>
      <object_component id="oc-315">
         <name>.text:__TI_writemsg</name>
         <load_address>0xec20</load_address>
         <run_address>0xec20</run_address>
         <size>0x60</size>
         <input_file_ref idref="fl-4f"/>
      </object_component>
      <object_component id="oc-218">
         <name>.text:__c6xabi_llshru</name>
         <load_address>0xec80</load_address>
         <run_address>0xec80</run_address>
         <size>0x60</size>
         <input_file_ref idref="fl-3b"/>
      </object_component>
      <object_component id="oc-246">
         <name>.text:lseek</name>
         <load_address>0xece0</load_address>
         <run_address>0xece0</run_address>
         <size>0x60</size>
         <input_file_ref idref="fl-4d"/>
      </object_component>
      <object_component id="oc-163">
         <name>.text:memccpy</name>
         <load_address>0xed40</load_address>
         <run_address>0xed40</run_address>
         <size>0x60</size>
         <input_file_ref idref="fl-3d"/>
      </object_component>
      <object_component id="oc-193">
         <name>.text:write</name>
         <load_address>0xeda0</load_address>
         <run_address>0xeda0</run_address>
         <size>0x60</size>
         <input_file_ref idref="fl-41"/>
      </object_component>
      <object_component id="oc-145">
         <name>.text:__c6xabi_isinf</name>
         <load_address>0xee00</load_address>
         <run_address>0xee00</run_address>
         <size>0x40</size>
         <input_file_ref idref="fl-38"/>
      </object_component>
      <object_component id="oc-139">
         <name>.text:__c6xabi_isnan</name>
         <load_address>0xee40</load_address>
         <run_address>0xee40</run_address>
         <size>0x40</size>
         <input_file_ref idref="fl-29"/>
      </object_component>
      <object_component id="oc-45">
         <name>.text:_args_main</name>
         <load_address>0xee80</load_address>
         <run_address>0xee80</run_address>
         <size>0x40</size>
         <input_file_ref idref="fl-2a"/>
      </object_component>
      <object_component id="oc-212">
         <name>.text:_subcull</name>
         <load_address>0xeec0</load_address>
         <run_address>0xeec0</run_address>
         <size>0x40</size>
         <input_file_ref idref="fl-37"/>
      </object_component>
      <object_component id="oc-80">
         <name>.text</name>
         <load_address>0xef00</load_address>
         <run_address>0xef00</run_address>
         <size>0x40</size>
         <input_file_ref idref="fl-2"/>
      </object_component>
      <object_component id="oc-238">
         <name>.text:__c6xabi_errno_addr</name>
         <load_address>0xef40</load_address>
         <run_address>0xef40</run_address>
         <size>0x20</size>
         <input_file_ref idref="fl-43"/>
      </object_component>
      <object_component id="oc-116">
         <name>.text:_nop</name>
         <load_address>0xef60</load_address>
         <run_address>0xef60</run_address>
         <size>0x20</size>
         <input_file_ref idref="fl-28"/>
      </object_component>
      <object_component id="oc-ea">
         <name>.text:_outc</name>
         <load_address>0xef80</load_address>
         <run_address>0xef80</run_address>
         <size>0x20</size>
         <input_file_ref idref="fl-27"/>
      </object_component>
      <object_component id="oc-f0">
         <name>.text:_outs</name>
         <load_address>0xefa0</load_address>
         <run_address>0xefa0</run_address>
         <size>0x20</size>
         <input_file_ref idref="fl-27"/>
      </object_component>
      <object_component id="oc-9a">
         <name>.text:_system_post_cinit</name>
         <load_address>0xefc0</load_address>
         <run_address>0xefc0</run_address>
         <size>0x20</size>
         <input_file_ref idref="fl-3e"/>
      </object_component>
      <object_component id="oc-51">
         <name>.text:_system_pre_init</name>
         <load_address>0xefe0</load_address>
         <run_address>0xefe0</run_address>
         <size>0x20</size>
         <input_file_ref idref="fl-26"/>
      </object_component>
      <object_component id="oc-8b">
         <name>.text:abort</name>
         <load_address>0xf000</load_address>
         <run_address>0xf000</run_address>
         <size>0x20</size>
         <input_file_ref idref="fl-23"/>
      </object_component>
      <object_component id="oc-3">
         <name>.text:decompress:none:__TI_decompress_none</name>
         <load_address>0xf020</load_address>
         <run_address>0xf020</run_address>
         <size>0x20</size>
         <input_file_ref idref="fl-20"/>
      </object_component>
      <object_component id="oc-9">
         <name>.text:decompress:rle24:__TI_decompress_rle24</name>
         <load_address>0xf040</load_address>
         <run_address>0xf040</run_address>
         <size>0x20</size>
         <input_file_ref idref="fl-21"/>
      </object_component>
      <object_component id="oc-1a3">
         <name>.const:.string:_ctypes_</name>
         <load_address>0xfcc8</load_address>
         <run_address>0xfcc8</run_address>
         <size>0x101</size>
         <input_file_ref idref="fl-2e"/>
      </object_component>
      <object_component id="oc-169">
         <name>.const:.string</name>
         <load_address>0xfdcc</load_address>
         <run_address>0xfdcc</run_address>
         <size>0x24</size>
         <input_file_ref idref="fl-29"/>
      </object_component>
      <object_component id="oc-bc">
         <name>.const:.string</name>
         <load_address>0xfdf0</load_address>
         <run_address>0xfdf0</run_address>
         <size>0x10</size>
         <input_file_ref idref="fl-2"/>
      </object_component>
      <object_component id="oc-88">
         <name>.fardata</name>
         <load_address>0xfb58</load_address>
         <run_address>0xfb58</run_address>
         <size>0xc</size>
         <input_file_ref idref="fl-23"/>
      </object_component>
      <object_component id="oc-e1">
         <name>.fardata:_lock</name>
         <load_address>0xfb6c</load_address>
         <run_address>0xfb6c</run_address>
         <size>0x4</size>
         <input_file_ref idref="fl-28"/>
      </object_component>
      <object_component id="oc-e7">
         <name>.fardata:_unlock</name>
         <load_address>0xfb70</load_address>
         <run_address>0xfb70</run_address>
         <size>0x4</size>
         <input_file_ref idref="fl-28"/>
      </object_component>
      <object_component id="oc-e4">
         <name>.fardata:_ftable</name>
         <load_address>0xf860</load_address>
         <run_address>0xf860</run_address>
         <size>0x1e0</size>
         <input_file_ref idref="fl-2f"/>
      </object_component>
      <object_component id="oc-2a0">
         <name>.fardata</name>
         <load_address>0xfb74</load_address>
         <run_address>0xfb74</run_address>
         <size>0x4</size>
         <input_file_ref idref="fl-2f"/>
      </object_component>
      <object_component id="oc-269">
         <name>.fardata:_device</name>
         <load_address>0xfae0</load_address>
         <run_address>0xfae0</run_address>
         <size>0x78</size>
         <input_file_ref idref="fl-41"/>
      </object_component>
      <object_component id="oc-1fc">
         <name>.fardata:_stream</name>
         <load_address>0xfa40</load_address>
         <run_address>0xfa40</run_address>
         <size>0xa0</size>
         <input_file_ref idref="fl-41"/>
      </object_component>
      <object_component id="oc-293">
         <name>.fardata</name>
         <load_address>0xfb78</load_address>
         <run_address>0xfb78</run_address>
         <size>0x4</size>
         <input_file_ref idref="fl-43"/>
      </object_component>
      <object_component id="oc-2aa">
         <name>.fardata</name>
         <load_address>0xfb64</load_address>
         <run_address>0xfb64</run_address>
         <size>0x8</size>
         <input_file_ref idref="fl-51"/>
      </object_component>
      <object_component id="oc-39b">
         <name>.cinit..fardata.load</name>
         <load_address>0xff58</load_address>
         <run_address>0xff58</run_address>
         <size>0x6b</size>
      </object_component>
      <object_component id="oc-39c">
         <name>.cinit..far.load</name>
         <load_address>0xffc3</load_address>
         <run_address>0xffc3</run_address>
         <size>0xb</size>
      </object_component>
      <object_component id="oc-399">
         <name>__TI_handler_table</name>
         <load_address>0xffd0</load_address>
         <run_address>0xffd0</run_address>
         <size>0x8</size>
      </object_component>
      <object_component id="oc-39a">
         <name>__TI_cinit_table</name>
         <load_address>0xffd8</load_address>
         <run_address>0xffd8</run_address>
         <size>0x10</size>
      </object_component>
      <object_component id="oc-1b">
         <name>.stack</name>
         <uninitialized>true</uninitialized>
         <run_address>0xf060</run_address>
         <size>0x8</size>
         <input_file_ref idref="fl-1f"/>
      </object_component>
      <object_component id="oc-39d">
         <name>.stack</name>
         <uninitialized>true</uninitialized>
         <run_address>0xf060</run_address>
         <size>0x0</size>
      </object_component>
      <object_component id="oc-1e">
         <name>.sysmem</name>
         <uninitialized>true</uninitialized>
         <run_address>0xf460</run_address>
         <size>0x8</size>
         <input_file_ref idref="fl-51"/>
      </object_component>
      <object_component id="oc-39e">
         <name>.sysmem</name>
         <uninitialized>true</uninitialized>
         <run_address>0xf460</run_address>
         <size>0x0</size>
      </object_component>
      <object_component id="oc-30a">
         <name>.common:__TI_tmpnams</name>
         <uninitialized>true</uninitialized>
         <run_address>0xfb80</run_address>
         <size>0x140</size>
      </object_component>
      <object_component id="oc-312">
         <name>.common:parmbuf</name>
         <uninitialized>true</uninitialized>
         <run_address>0xfcc0</run_address>
         <size>0x8</size>
      </object_component>
      <object_component id="oc-16a">
         <name>.switch:__TI_printfi</name>
         <load_address>0xff20</load_address>
         <run_address>0xff20</run_address>
         <size>0x38</size>
         <input_file_ref idref="fl-29"/>
      </object_component>
      <object_component id="oc-33c">
         <name>.cio</name>
         <uninitialized>true</uninitialized>
         <run_address>0xfe00</run_address>
         <size>0x120</size>
         <input_file_ref idref="fl-4f"/>
      </object_component>
      <object_component id="oc-1e8">
         <name>.debug_info</name>
         <load_address>0x0</load_address>
         <run_address>0x0</run_address>
         <size>0x564</size>
         <input_file_ref idref="fl-2"/>
      </object_component>
      <object_component id="oc-81">
         <name>.debug_info</name>
         <load_address>0x564</load_address>
         <run_address>0x564</run_address>
         <size>0x10b</size>
         <input_file_ref idref="fl-2"/>
      </object_component>
      <object_component id="oc-6c">
         <name>.debug_info</name>
         <load_address>0x66f</load_address>
         <run_address>0x66f</run_address>
         <size>0xb2</size>
         <input_file_ref idref="fl-2"/>
      </object_component>
      <object_component id="oc-16d">
         <name>.debug_info</name>
         <load_address>0x721</load_address>
         <run_address>0x721</run_address>
         <size>0x2c</size>
         <input_file_ref idref="fl-2"/>
      </object_component>
      <object_component id="oc-60">
         <name>.debug_info</name>
         <load_address>0x74d</load_address>
         <run_address>0x74d</run_address>
         <size>0x5d6</size>
         <input_file_ref idref="fl-1f"/>
      </object_component>
      <object_component id="oc-1c">
         <name>.debug_info</name>
         <load_address>0xd23</load_address>
         <run_address>0xd23</run_address>
         <size>0xed</size>
         <input_file_ref idref="fl-1f"/>
      </object_component>
      <object_component id="oc-16">
         <name>.debug_info</name>
         <load_address>0xe10</load_address>
         <run_address>0xe10</run_address>
         <size>0x17a</size>
         <input_file_ref idref="fl-1f"/>
      </object_component>
      <object_component id="oc-2c">
         <name>.debug_info</name>
         <load_address>0xf8a</load_address>
         <run_address>0xf8a</run_address>
         <size>0x5ab</size>
         <input_file_ref idref="fl-20"/>
      </object_component>
      <object_component id="oc-4">
         <name>.debug_info</name>
         <load_address>0x1535</load_address>
         <run_address>0x1535</run_address>
         <size>0x1c4</size>
         <input_file_ref idref="fl-20"/>
      </object_component>
      <object_component id="oc-27">
         <name>.debug_info</name>
         <load_address>0x16f9</load_address>
         <run_address>0x16f9</run_address>
         <size>0x46</size>
         <input_file_ref idref="fl-20"/>
      </object_component>
      <object_component id="oc-65">
         <name>.debug_info</name>
         <load_address>0x173f</load_address>
         <run_address>0x173f</run_address>
         <size>0x2c</size>
         <input_file_ref idref="fl-20"/>
      </object_component>
      <object_component id="oc-72">
         <name>.debug_info</name>
         <load_address>0x176b</load_address>
         <run_address>0x176b</run_address>
         <size>0x595</size>
         <input_file_ref idref="fl-21"/>
      </object_component>
      <object_component id="oc-2e">
         <name>.debug_info</name>
         <load_address>0x1d00</load_address>
         <run_address>0x1d00</run_address>
         <size>0x24c</size>
         <input_file_ref idref="fl-21"/>
      </object_component>
      <object_component id="oc-a">
         <name>.debug_info</name>
         <load_address>0x1f4c</load_address>
         <run_address>0x1f4c</run_address>
         <size>0x1a9</size>
         <input_file_ref idref="fl-21"/>
      </object_component>
      <object_component id="oc-34">
         <name>.debug_info</name>
         <load_address>0x20f5</load_address>
         <run_address>0x20f5</run_address>
         <size>0x46</size>
         <input_file_ref idref="fl-21"/>
      </object_component>
      <object_component id="oc-7a">
         <name>.debug_info</name>
         <load_address>0x213b</load_address>
         <run_address>0x213b</run_address>
         <size>0x2c</size>
         <input_file_ref idref="fl-21"/>
      </object_component>
      <object_component id="oc-73">
         <name>.debug_info</name>
         <load_address>0x2167</load_address>
         <run_address>0x2167</run_address>
         <size>0x39</size>
         <input_file_ref idref="fl-21"/>
      </object_component>
      <object_component id="oc-92">
         <name>.debug_info</name>
         <load_address>0x21a0</load_address>
         <run_address>0x21a0</run_address>
         <size>0x5bf</size>
         <input_file_ref idref="fl-23"/>
      </object_component>
      <object_component id="oc-89">
         <name>.debug_info</name>
         <load_address>0x275f</load_address>
         <run_address>0x275f</run_address>
         <size>0x17d</size>
         <input_file_ref idref="fl-23"/>
      </object_component>
      <object_component id="oc-8c">
         <name>.debug_info</name>
         <load_address>0x28dc</load_address>
         <run_address>0x28dc</run_address>
         <size>0x10f</size>
         <input_file_ref idref="fl-23"/>
      </object_component>
      <object_component id="oc-4c">
         <name>.debug_info</name>
         <load_address>0x29eb</load_address>
         <run_address>0x29eb</run_address>
         <size>0x16f</size>
         <input_file_ref idref="fl-23"/>
      </object_component>
      <object_component id="oc-22">
         <name>.debug_info</name>
         <load_address>0x2b5a</load_address>
         <run_address>0x2b5a</run_address>
         <size>0x119</size>
         <input_file_ref idref="fl-24"/>
      </object_component>
      <object_component id="oc-79">
         <name>.debug_info</name>
         <load_address>0x2c73</load_address>
         <run_address>0x2c73</run_address>
         <size>0x674</size>
         <input_file_ref idref="fl-25"/>
      </object_component>
      <object_component id="oc-3a">
         <name>.debug_info</name>
         <load_address>0x32e7</load_address>
         <run_address>0x32e7</run_address>
         <size>0x21e</size>
         <input_file_ref idref="fl-25"/>
      </object_component>
      <object_component id="oc-52">
         <name>.debug_info</name>
         <load_address>0x3505</load_address>
         <run_address>0x3505</run_address>
         <size>0x140</size>
         <input_file_ref idref="fl-26"/>
      </object_component>
      <object_component id="oc-fd">
         <name>.debug_info</name>
         <load_address>0x3645</load_address>
         <run_address>0x3645</run_address>
         <size>0x6a5</size>
         <input_file_ref idref="fl-27"/>
      </object_component>
      <object_component id="oc-eb">
         <name>.debug_info</name>
         <load_address>0x3cea</load_address>
         <run_address>0x3cea</run_address>
         <size>0x144</size>
         <input_file_ref idref="fl-27"/>
      </object_component>
      <object_component id="oc-f1">
         <name>.debug_info</name>
         <load_address>0x3e2e</load_address>
         <run_address>0x3e2e</run_address>
         <size>0x153</size>
         <input_file_ref idref="fl-27"/>
      </object_component>
      <object_component id="oc-be">
         <name>.debug_info</name>
         <load_address>0x3f81</load_address>
         <run_address>0x3f81</run_address>
         <size>0x190</size>
         <input_file_ref idref="fl-27"/>
      </object_component>
      <object_component id="oc-183">
         <name>.debug_info</name>
         <load_address>0x4111</load_address>
         <run_address>0x4111</run_address>
         <size>0xae</size>
         <input_file_ref idref="fl-27"/>
      </object_component>
      <object_component id="oc-11e">
         <name>.debug_info</name>
         <load_address>0x41bf</load_address>
         <run_address>0x41bf</run_address>
         <size>0x54c</size>
         <input_file_ref idref="fl-28"/>
      </object_component>
      <object_component id="oc-e2">
         <name>.debug_info</name>
         <load_address>0x470b</load_address>
         <run_address>0x470b</run_address>
         <size>0xec</size>
         <input_file_ref idref="fl-28"/>
      </object_component>
      <object_component id="oc-e8">
         <name>.debug_info</name>
         <load_address>0x47f7</load_address>
         <run_address>0x47f7</run_address>
         <size>0xf0</size>
         <input_file_ref idref="fl-28"/>
      </object_component>
      <object_component id="oc-117">
         <name>.debug_info</name>
         <load_address>0x48e7</load_address>
         <run_address>0x48e7</run_address>
         <size>0x11b</size>
         <input_file_ref idref="fl-28"/>
      </object_component>
      <object_component id="oc-16c">
         <name>.debug_info</name>
         <load_address>0x4a02</load_address>
         <run_address>0x4a02</run_address>
         <size>0x75c</size>
         <input_file_ref idref="fl-29"/>
      </object_component>
      <object_component id="oc-140">
         <name>.debug_info</name>
         <load_address>0x515e</load_address>
         <run_address>0x515e</run_address>
         <size>0x229</size>
         <input_file_ref idref="fl-29"/>
      </object_component>
      <object_component id="oc-13a">
         <name>.debug_info</name>
         <load_address>0x5387</load_address>
         <run_address>0x5387</run_address>
         <size>0x209</size>
         <input_file_ref idref="fl-29"/>
      </object_component>
      <object_component id="oc-1c9">
         <name>.debug_info</name>
         <load_address>0x5590</load_address>
         <run_address>0x5590</run_address>
         <size>0x1a0</size>
         <input_file_ref idref="fl-29"/>
      </object_component>
      <object_component id="oc-14c">
         <name>.debug_info</name>
         <load_address>0x5730</load_address>
         <run_address>0x5730</run_address>
         <size>0x372</size>
         <input_file_ref idref="fl-29"/>
      </object_component>
      <object_component id="oc-1d0">
         <name>.debug_info</name>
         <load_address>0x5aa2</load_address>
         <run_address>0x5aa2</run_address>
         <size>0x222</size>
         <input_file_ref idref="fl-29"/>
      </object_component>
      <object_component id="oc-152">
         <name>.debug_info</name>
         <load_address>0x5cc4</load_address>
         <run_address>0x5cc4</run_address>
         <size>0x301</size>
         <input_file_ref idref="fl-29"/>
      </object_component>
      <object_component id="oc-158">
         <name>.debug_info</name>
         <load_address>0x5fc5</load_address>
         <run_address>0x5fc5</run_address>
         <size>0x36c</size>
         <input_file_ref idref="fl-29"/>
      </object_component>
      <object_component id="oc-15e">
         <name>.debug_info</name>
         <load_address>0x6331</load_address>
         <run_address>0x6331</run_address>
         <size>0x4a2</size>
         <input_file_ref idref="fl-29"/>
      </object_component>
      <object_component id="oc-f7">
         <name>.debug_info</name>
         <load_address>0x67d3</load_address>
         <run_address>0x67d3</run_address>
         <size>0x5c0</size>
         <input_file_ref idref="fl-29"/>
      </object_component>
      <object_component id="oc-172">
         <name>.debug_info</name>
         <load_address>0x6d93</load_address>
         <run_address>0x6d93</run_address>
         <size>0x86</size>
         <input_file_ref idref="fl-29"/>
      </object_component>
      <object_component id="oc-177">
         <name>.debug_info</name>
         <load_address>0x6e19</load_address>
         <run_address>0x6e19</run_address>
         <size>0x2c</size>
         <input_file_ref idref="fl-29"/>
      </object_component>
      <object_component id="oc-1e9">
         <name>.debug_info</name>
         <load_address>0x6e45</load_address>
         <run_address>0x6e45</run_address>
         <size>0x46</size>
         <input_file_ref idref="fl-29"/>
      </object_component>
      <object_component id="oc-17c">
         <name>.debug_info</name>
         <load_address>0x6e8b</load_address>
         <run_address>0x6e8b</run_address>
         <size>0x39</size>
         <input_file_ref idref="fl-29"/>
      </object_component>
      <object_component id="oc-87">
         <name>.debug_info</name>
         <load_address>0x6ec4</load_address>
         <run_address>0x6ec4</run_address>
         <size>0x5cc</size>
         <input_file_ref idref="fl-2a"/>
      </object_component>
      <object_component id="oc-46">
         <name>.debug_info</name>
         <load_address>0x7490</load_address>
         <run_address>0x7490</run_address>
         <size>0x15f</size>
         <input_file_ref idref="fl-2a"/>
      </object_component>
      <object_component id="oc-c6">
         <name>.debug_info</name>
         <load_address>0x75ef</load_address>
         <run_address>0x75ef</run_address>
         <size>0x5e</size>
         <input_file_ref idref="fl-2a"/>
      </object_component>
      <object_component id="oc-1a7">
         <name>.debug_info</name>
         <load_address>0x764d</load_address>
         <run_address>0x764d</run_address>
         <size>0x57a</size>
         <input_file_ref idref="fl-2b"/>
      </object_component>
      <object_component id="oc-134">
         <name>.debug_info</name>
         <load_address>0x7bc7</load_address>
         <run_address>0x7bc7</run_address>
         <size>0x169</size>
         <input_file_ref idref="fl-2b"/>
      </object_component>
      <object_component id="oc-a7">
         <name>.debug_info</name>
         <load_address>0x7d30</load_address>
         <run_address>0x7d30</run_address>
         <size>0x79e</size>
         <input_file_ref idref="fl-2c"/>
      </object_component>
      <object_component id="oc-58">
         <name>.debug_info</name>
         <load_address>0x84ce</load_address>
         <run_address>0x84ce</run_address>
         <size>0x1bc</size>
         <input_file_ref idref="fl-2c"/>
      </object_component>
      <object_component id="oc-d7">
         <name>.debug_info</name>
         <load_address>0x868a</load_address>
         <run_address>0x868a</run_address>
         <size>0x39</size>
         <input_file_ref idref="fl-2c"/>
      </object_component>
      <object_component id="oc-111">
         <name>.debug_info</name>
         <load_address>0x86c3</load_address>
         <run_address>0x86c3</run_address>
         <size>0x39</size>
         <input_file_ref idref="fl-2c"/>
      </object_component>
      <object_component id="oc-dc">
         <name>.debug_info</name>
         <load_address>0x86fc</load_address>
         <run_address>0x86fc</run_address>
         <size>0xcd</size>
         <input_file_ref idref="fl-2c"/>
      </object_component>
      <object_component id="oc-d1">
         <name>.debug_info</name>
         <load_address>0x87c9</load_address>
         <run_address>0x87c9</run_address>
         <size>0x650</size>
         <input_file_ref idref="fl-2d"/>
      </object_component>
      <object_component id="oc-95">
         <name>.debug_info</name>
         <load_address>0x8e19</load_address>
         <run_address>0x8e19</run_address>
         <size>0x194</size>
         <input_file_ref idref="fl-2d"/>
      </object_component>
      <object_component id="oc-100">
         <name>.debug_info</name>
         <load_address>0x8fad</load_address>
         <run_address>0x8fad</run_address>
         <size>0x2c</size>
         <input_file_ref idref="fl-2d"/>
      </object_component>
      <object_component id="oc-209">
         <name>.debug_info</name>
         <load_address>0x8fd9</load_address>
         <run_address>0x8fd9</run_address>
         <size>0xe6</size>
         <input_file_ref idref="fl-2e"/>
      </object_component>
      <object_component id="oc-1a4">
         <name>.debug_info</name>
         <load_address>0x90bf</load_address>
         <run_address>0x90bf</run_address>
         <size>0xf2</size>
         <input_file_ref idref="fl-2e"/>
      </object_component>
      <object_component id="oc-121">
         <name>.debug_info</name>
         <load_address>0x91b1</load_address>
         <run_address>0x91b1</run_address>
         <size>0x12d</size>
         <input_file_ref idref="fl-2f"/>
      </object_component>
      <object_component id="oc-e5">
         <name>.debug_info</name>
         <load_address>0x92de</load_address>
         <run_address>0x92de</run_address>
         <size>0xef</size>
         <input_file_ref idref="fl-2f"/>
      </object_component>
      <object_component id="oc-2a1">
         <name>.debug_info</name>
         <load_address>0x93cd</load_address>
         <run_address>0x93cd</run_address>
         <size>0xf7</size>
         <input_file_ref idref="fl-2f"/>
      </object_component>
      <object_component id="oc-1bd">
         <name>.debug_info</name>
         <load_address>0x94c4</load_address>
         <run_address>0x94c4</run_address>
         <size>0x234</size>
         <input_file_ref idref="fl-30"/>
      </object_component>
      <object_component id="oc-22a">
         <name>.debug_info</name>
         <load_address>0x96f8</load_address>
         <run_address>0x96f8</run_address>
         <size>0x7f</size>
         <input_file_ref idref="fl-30"/>
      </object_component>
      <object_component id="oc-22f">
         <name>.debug_info</name>
         <load_address>0x9777</load_address>
         <run_address>0x9777</run_address>
         <size>0x60</size>
         <input_file_ref idref="fl-30"/>
      </object_component>
      <object_component id="oc-1b6">
         <name>.debug_info</name>
         <load_address>0x97d7</load_address>
         <run_address>0x97d7</run_address>
         <size>0x10c</size>
         <input_file_ref idref="fl-31"/>
      </object_component>
      <object_component id="oc-1a0">
         <name>.debug_info</name>
         <load_address>0x98e3</load_address>
         <run_address>0x98e3</run_address>
         <size>0x645</size>
         <input_file_ref idref="fl-32"/>
      </object_component>
      <object_component id="oc-126">
         <name>.debug_info</name>
         <load_address>0x9f28</load_address>
         <run_address>0x9f28</run_address>
         <size>0x1fe</size>
         <input_file_ref idref="fl-32"/>
      </object_component>
      <object_component id="oc-1a2">
         <name>.debug_info</name>
         <load_address>0xa126</load_address>
         <run_address>0xa126</run_address>
         <size>0x69d</size>
         <input_file_ref idref="fl-33"/>
      </object_component>
      <object_component id="oc-12d">
         <name>.debug_info</name>
         <load_address>0xa7c3</load_address>
         <run_address>0xa7c3</run_address>
         <size>0x30f</size>
         <input_file_ref idref="fl-33"/>
      </object_component>
      <object_component id="oc-224">
         <name>.debug_info</name>
         <load_address>0xaad2</load_address>
         <run_address>0xaad2</run_address>
         <size>0x15f</size>
         <input_file_ref idref="fl-34"/>
      </object_component>
      <object_component id="oc-2f1">
         <name>.debug_info</name>
         <load_address>0xac31</load_address>
         <run_address>0xac31</run_address>
         <size>0x2c</size>
         <input_file_ref idref="fl-34"/>
      </object_component>
      <object_component id="oc-28c">
         <name>.debug_info</name>
         <load_address>0xac5d</load_address>
         <run_address>0xac5d</run_address>
         <size>0x2c</size>
         <input_file_ref idref="fl-34"/>
      </object_component>
      <object_component id="oc-23f">
         <name>.debug_info</name>
         <load_address>0xac89</load_address>
         <run_address>0xac89</run_address>
         <size>0x5de</size>
         <input_file_ref idref="fl-35"/>
      </object_component>
      <object_component id="oc-1d8">
         <name>.debug_info</name>
         <load_address>0xb267</load_address>
         <run_address>0xb267</run_address>
         <size>0x1de</size>
         <input_file_ref idref="fl-35"/>
      </object_component>
      <object_component id="oc-221">
         <name>.debug_info</name>
         <load_address>0xb445</load_address>
         <run_address>0xb445</run_address>
         <size>0x590</size>
         <input_file_ref idref="fl-36"/>
      </object_component>
      <object_component id="oc-1b0">
         <name>.debug_info</name>
         <load_address>0xb9d5</load_address>
         <run_address>0xb9d5</run_address>
         <size>0x1cc</size>
         <input_file_ref idref="fl-36"/>
      </object_component>
      <object_component id="oc-21f">
         <name>.debug_info</name>
         <load_address>0xbba1</load_address>
         <run_address>0xbba1</run_address>
         <size>0x590</size>
         <input_file_ref idref="fl-37"/>
      </object_component>
      <object_component id="oc-213">
         <name>.debug_info</name>
         <load_address>0xc131</load_address>
         <run_address>0xc131</run_address>
         <size>0x171</size>
         <input_file_ref idref="fl-37"/>
      </object_component>
      <object_component id="oc-1aa">
         <name>.debug_info</name>
         <load_address>0xc2a2</load_address>
         <run_address>0xc2a2</run_address>
         <size>0x249</size>
         <input_file_ref idref="fl-37"/>
      </object_component>
      <object_component id="oc-146">
         <name>.debug_info</name>
         <load_address>0xc4eb</load_address>
         <run_address>0xc4eb</run_address>
         <size>0x13e</size>
         <input_file_ref idref="fl-38"/>
      </object_component>
      <object_component id="oc-241">
         <name>.debug_info</name>
         <load_address>0xc629</load_address>
         <run_address>0xc629</run_address>
         <size>0x5de</size>
         <input_file_ref idref="fl-39"/>
      </object_component>
      <object_component id="oc-1e0">
         <name>.debug_info</name>
         <load_address>0xcc07</load_address>
         <run_address>0xcc07</run_address>
         <size>0x19b</size>
         <input_file_ref idref="fl-39"/>
      </object_component>
      <object_component id="oc-284">
         <name>.debug_info</name>
         <load_address>0xcda2</load_address>
         <run_address>0xcda2</run_address>
         <size>0x572</size>
         <input_file_ref idref="fl-3b"/>
      </object_component>
      <object_component id="oc-219">
         <name>.debug_info</name>
         <load_address>0xd314</load_address>
         <run_address>0xd314</run_address>
         <size>0x196</size>
         <input_file_ref idref="fl-3b"/>
      </object_component>
      <object_component id="oc-20d">
         <name>.debug_info</name>
         <load_address>0xd4aa</load_address>
         <run_address>0xd4aa</run_address>
         <size>0x183</size>
         <input_file_ref idref="fl-3b"/>
      </object_component>
      <object_component id="oc-27f">
         <name>.debug_info</name>
         <load_address>0xd62d</load_address>
         <run_address>0xd62d</run_address>
         <size>0x39</size>
         <input_file_ref idref="fl-3b"/>
      </object_component>
      <object_component id="oc-235">
         <name>.debug_info</name>
         <load_address>0xd666</load_address>
         <run_address>0xd666</run_address>
         <size>0x5b7</size>
         <input_file_ref idref="fl-3c"/>
      </object_component>
      <object_component id="oc-1c3">
         <name>.debug_info</name>
         <load_address>0xdc1d</load_address>
         <run_address>0xdc1d</run_address>
         <size>0x1ab</size>
         <input_file_ref idref="fl-3c"/>
      </object_component>
      <object_component id="oc-1e5">
         <name>.debug_info</name>
         <load_address>0xddc8</load_address>
         <run_address>0xddc8</run_address>
         <size>0x557</size>
         <input_file_ref idref="fl-3d"/>
      </object_component>
      <object_component id="oc-164">
         <name>.debug_info</name>
         <load_address>0xe31f</load_address>
         <run_address>0xe31f</run_address>
         <size>0x19a</size>
         <input_file_ref idref="fl-3d"/>
      </object_component>
      <object_component id="oc-9b">
         <name>.debug_info</name>
         <load_address>0xe4b9</load_address>
         <run_address>0xe4b9</run_address>
         <size>0x13d</size>
         <input_file_ref idref="fl-3e"/>
      </object_component>
      <object_component id="oc-d4">
         <name>.debug_info</name>
         <load_address>0xe5f6</load_address>
         <run_address>0xe5f6</run_address>
         <size>0x744</size>
         <input_file_ref idref="fl-3f"/>
      </object_component>
      <object_component id="oc-a1">
         <name>.debug_info</name>
         <load_address>0xed3a</load_address>
         <run_address>0xed3a</run_address>
         <size>0x207</size>
         <input_file_ref idref="fl-3f"/>
      </object_component>
      <object_component id="oc-107">
         <name>.debug_info</name>
         <load_address>0xef41</load_address>
         <run_address>0xef41</run_address>
         <size>0x2c</size>
         <input_file_ref idref="fl-3f"/>
      </object_component>
      <object_component id="oc-10c">
         <name>.debug_info</name>
         <load_address>0xef6d</load_address>
         <run_address>0xef6d</run_address>
         <size>0x39</size>
         <input_file_ref idref="fl-3f"/>
      </object_component>
      <object_component id="oc-200">
         <name>.debug_info</name>
         <load_address>0xefa6</load_address>
         <run_address>0xefa6</run_address>
         <size>0x796</size>
         <input_file_ref idref="fl-41"/>
      </object_component>
      <object_component id="oc-26a">
         <name>.debug_info</name>
         <load_address>0xf73c</load_address>
         <run_address>0xf73c</run_address>
         <size>0xf0</size>
         <input_file_ref idref="fl-41"/>
      </object_component>
      <object_component id="oc-1fd">
         <name>.debug_info</name>
         <load_address>0xf82c</load_address>
         <run_address>0xf82c</run_address>
         <size>0xf0</size>
         <input_file_ref idref="fl-41"/>
      </object_component>
      <object_component id="oc-194">
         <name>.debug_info</name>
         <load_address>0xf91c</load_address>
         <run_address>0xf91c</run_address>
         <size>0x18b</size>
         <input_file_ref idref="fl-41"/>
      </object_component>
      <object_component id="oc-270">
         <name>.debug_info</name>
         <load_address>0xfaa7</load_address>
         <run_address>0xfaa7</run_address>
         <size>0x120</size>
         <input_file_ref idref="fl-41"/>
      </object_component>
      <object_component id="oc-275">
         <name>.debug_info</name>
         <load_address>0xfbc7</load_address>
         <run_address>0xfbc7</run_address>
         <size>0x2c</size>
         <input_file_ref idref="fl-41"/>
      </object_component>
      <object_component id="oc-1fb">
         <name>.debug_info</name>
         <load_address>0xfbf3</load_address>
         <run_address>0xfbf3</run_address>
         <size>0x5c1</size>
         <input_file_ref idref="fl-42"/>
      </object_component>
      <object_component id="oc-18e">
         <name>.debug_info</name>
         <load_address>0x101b4</load_address>
         <run_address>0x101b4</run_address>
         <size>0x183</size>
         <input_file_ref idref="fl-42"/>
      </object_component>
      <object_component id="oc-262">
         <name>.debug_info</name>
         <load_address>0x10337</load_address>
         <run_address>0x10337</run_address>
         <size>0xbb</size>
         <input_file_ref idref="fl-42"/>
      </object_component>
      <object_component id="oc-297">
         <name>.debug_info</name>
         <load_address>0x103f2</load_address>
         <run_address>0x103f2</run_address>
         <size>0x545</size>
         <input_file_ref idref="fl-43"/>
      </object_component>
      <object_component id="oc-294">
         <name>.debug_info</name>
         <load_address>0x10937</load_address>
         <run_address>0x10937</run_address>
         <size>0xf0</size>
         <input_file_ref idref="fl-43"/>
      </object_component>
      <object_component id="oc-239">
         <name>.debug_info</name>
         <load_address>0x10a27</load_address>
         <run_address>0x10a27</run_address>
         <size>0x13d</size>
         <input_file_ref idref="fl-43"/>
      </object_component>
      <object_component id="oc-202">
         <name>.debug_info</name>
         <load_address>0x10b64</load_address>
         <run_address>0x10b64</run_address>
         <size>0x609</size>
         <input_file_ref idref="fl-44"/>
      </object_component>
      <object_component id="oc-19a">
         <name>.debug_info</name>
         <load_address>0x1116d</load_address>
         <run_address>0x1116d</run_address>
         <size>0x171</size>
         <input_file_ref idref="fl-44"/>
      </object_component>
      <object_component id="oc-24d">
         <name>.debug_info</name>
         <load_address>0x112de</load_address>
         <run_address>0x112de</run_address>
         <size>0x5e5</size>
         <input_file_ref idref="fl-45"/>
      </object_component>
      <object_component id="oc-1ef">
         <name>.debug_info</name>
         <load_address>0x118c3</load_address>
         <run_address>0x118c3</run_address>
         <size>0x1f9</size>
         <input_file_ref idref="fl-45"/>
      </object_component>
      <object_component id="oc-323">
         <name>.debug_info</name>
         <load_address>0x11abc</load_address>
         <run_address>0x11abc</run_address>
         <size>0x634</size>
         <input_file_ref idref="fl-46"/>
      </object_component>
      <object_component id="oc-2ca">
         <name>.debug_info</name>
         <load_address>0x120f0</load_address>
         <run_address>0x120f0</run_address>
         <size>0x1a9</size>
         <input_file_ref idref="fl-46"/>
      </object_component>
      <object_component id="oc-329">
         <name>.debug_info</name>
         <load_address>0x12299</load_address>
         <run_address>0x12299</run_address>
         <size>0x639</size>
         <input_file_ref idref="fl-47"/>
      </object_component>
      <object_component id="oc-2dc">
         <name>.debug_info</name>
         <load_address>0x128d2</load_address>
         <run_address>0x128d2</run_address>
         <size>0x1e8</size>
         <input_file_ref idref="fl-47"/>
      </object_component>
      <object_component id="oc-313">
         <name>.debug_info</name>
         <load_address>0x12aba</load_address>
         <run_address>0x12aba</run_address>
         <size>0x642</size>
         <input_file_ref idref="fl-48"/>
      </object_component>
      <object_component id="oc-2c4">
         <name>.debug_info</name>
         <load_address>0x130fc</load_address>
         <run_address>0x130fc</run_address>
         <size>0x202</size>
         <input_file_ref idref="fl-48"/>
      </object_component>
      <object_component id="oc-325">
         <name>.debug_info</name>
         <load_address>0x132fe</load_address>
         <run_address>0x132fe</run_address>
         <size>0x638</size>
         <input_file_ref idref="fl-49"/>
      </object_component>
      <object_component id="oc-2d0">
         <name>.debug_info</name>
         <load_address>0x13936</load_address>
         <run_address>0x13936</run_address>
         <size>0x1e8</size>
         <input_file_ref idref="fl-49"/>
      </object_component>
      <object_component id="oc-32d">
         <name>.debug_info</name>
         <load_address>0x13b1e</load_address>
         <run_address>0x13b1e</run_address>
         <size>0x648</size>
         <input_file_ref idref="fl-4a"/>
      </object_component>
      <object_component id="oc-2e8">
         <name>.debug_info</name>
         <load_address>0x14166</load_address>
         <run_address>0x14166</run_address>
         <size>0x265</size>
         <input_file_ref idref="fl-4a"/>
      </object_component>
      <object_component id="oc-32b">
         <name>.debug_info</name>
         <load_address>0x143cb</load_address>
         <run_address>0x143cb</run_address>
         <size>0x635</size>
         <input_file_ref idref="fl-4b"/>
      </object_component>
      <object_component id="oc-2e2">
         <name>.debug_info</name>
         <load_address>0x14a00</load_address>
         <run_address>0x14a00</run_address>
         <size>0x1bc</size>
         <input_file_ref idref="fl-4b"/>
      </object_component>
      <object_component id="oc-327">
         <name>.debug_info</name>
         <load_address>0x14bbc</load_address>
         <run_address>0x14bbc</run_address>
         <size>0x634</size>
         <input_file_ref idref="fl-4c"/>
      </object_component>
      <object_component id="oc-2d7">
         <name>.debug_info</name>
         <load_address>0x151f0</load_address>
         <run_address>0x151f0</run_address>
         <size>0x1de</size>
         <input_file_ref idref="fl-4c"/>
      </object_component>
      <object_component id="oc-29d">
         <name>.debug_info</name>
         <load_address>0x153ce</load_address>
         <run_address>0x153ce</run_address>
         <size>0x658</size>
         <input_file_ref idref="fl-4d"/>
      </object_component>
      <object_component id="oc-247">
         <name>.debug_info</name>
         <load_address>0x15a26</load_address>
         <run_address>0x15a26</run_address>
         <size>0x197</size>
         <input_file_ref idref="fl-4d"/>
      </object_component>
      <object_component id="oc-261">
         <name>.debug_info</name>
         <load_address>0x15bbd</load_address>
         <run_address>0x15bbd</run_address>
         <size>0x62b</size>
         <input_file_ref idref="fl-4e"/>
      </object_component>
      <object_component id="oc-1f5">
         <name>.debug_info</name>
         <load_address>0x161e8</load_address>
         <run_address>0x161e8</run_address>
         <size>0x205</size>
         <input_file_ref idref="fl-4e"/>
      </object_component>
      <object_component id="oc-340">
         <name>.debug_info</name>
         <load_address>0x163ed</load_address>
         <run_address>0x163ed</run_address>
         <size>0x57c</size>
         <input_file_ref idref="fl-4f"/>
      </object_component>
      <object_component id="oc-33d">
         <name>.debug_info</name>
         <load_address>0x16969</load_address>
         <run_address>0x16969</run_address>
         <size>0xf5</size>
         <input_file_ref idref="fl-4f"/>
      </object_component>
      <object_component id="oc-316">
         <name>.debug_info</name>
         <load_address>0x16a5e</load_address>
         <run_address>0x16a5e</run_address>
         <size>0x1cc</size>
         <input_file_ref idref="fl-4f"/>
      </object_component>
      <object_component id="oc-31c">
         <name>.debug_info</name>
         <load_address>0x16c2a</load_address>
         <run_address>0x16c2a</run_address>
         <size>0x187</size>
         <input_file_ref idref="fl-4f"/>
      </object_component>
      <object_component id="oc-24f">
         <name>.debug_info</name>
         <load_address>0x16db1</load_address>
         <run_address>0x16db1</run_address>
         <size>0x163</size>
         <input_file_ref idref="fl-50"/>
      </object_component>
      <object_component id="oc-ac">
         <name>.debug_info</name>
         <load_address>0x16f14</load_address>
         <run_address>0x16f14</run_address>
         <size>0x2c</size>
         <input_file_ref idref="fl-50"/>
      </object_component>
      <object_component id="oc-63">
         <name>.debug_info</name>
         <load_address>0x16f40</load_address>
         <run_address>0x16f40</run_address>
         <size>0x625</size>
         <input_file_ref idref="fl-51"/>
      </object_component>
      <object_component id="oc-1f">
         <name>.debug_info</name>
         <load_address>0x17565</load_address>
         <run_address>0x17565</run_address>
         <size>0xf9</size>
         <input_file_ref idref="fl-51"/>
      </object_component>
      <object_component id="oc-2ab">
         <name>.debug_info</name>
         <load_address>0x1765e</load_address>
         <run_address>0x1765e</run_address>
         <size>0x11c</size>
         <input_file_ref idref="fl-51"/>
      </object_component>
      <object_component id="oc-2bb">
         <name>.debug_info</name>
         <load_address>0x1777a</load_address>
         <run_address>0x1777a</run_address>
         <size>0x134</size>
         <input_file_ref idref="fl-51"/>
      </object_component>
      <object_component id="oc-2b4">
         <name>.debug_info</name>
         <load_address>0x178ae</load_address>
         <run_address>0x178ae</run_address>
         <size>0x16a</size>
         <input_file_ref idref="fl-51"/>
      </object_component>
      <object_component id="oc-2ae">
         <name>.debug_info</name>
         <load_address>0x17a18</load_address>
         <run_address>0x17a18</run_address>
         <size>0x169</size>
         <input_file_ref idref="fl-51"/>
      </object_component>
      <object_component id="oc-25b">
         <name>.debug_info</name>
         <load_address>0x17b81</load_address>
         <run_address>0x17b81</run_address>
         <size>0x1e1</size>
         <input_file_ref idref="fl-51"/>
      </object_component>
      <object_component id="oc-255">
         <name>.debug_info</name>
         <load_address>0x17d62</load_address>
         <run_address>0x17d62</run_address>
         <size>0x2ab</size>
         <input_file_ref idref="fl-51"/>
      </object_component>
      <object_component id="oc-b1">
         <name>.debug_info</name>
         <load_address>0x1800d</load_address>
         <run_address>0x1800d</run_address>
         <size>0x62</size>
         <input_file_ref idref="fl-51"/>
      </object_component>
      <object_component id="oc-30c">
         <name>.debug_info</name>
         <load_address>0x1806f</load_address>
         <run_address>0x1806f</run_address>
         <size>0x667</size>
         <input_file_ref idref="fl-53"/>
      </object_component>
      <object_component id="oc-2a4">
         <name>.debug_info</name>
         <load_address>0x186d6</load_address>
         <run_address>0x186d6</run_address>
         <size>0x1ec</size>
         <input_file_ref idref="fl-53"/>
      </object_component>
      <object_component id="oc-357">
         <name>.debug_info</name>
         <load_address>0x188c2</load_address>
         <run_address>0x188c2</run_address>
         <size>0x667</size>
         <input_file_ref idref="fl-54"/>
      </object_component>
      <object_component id="oc-351">
         <name>.debug_info</name>
         <load_address>0x18f29</load_address>
         <run_address>0x18f29</run_address>
         <size>0x1bc</size>
         <input_file_ref idref="fl-54"/>
      </object_component>
      <object_component id="oc-331">
         <name>.debug_info</name>
         <load_address>0x190e5</load_address>
         <run_address>0x190e5</run_address>
         <size>0x1fe</size>
         <input_file_ref idref="fl-54"/>
      </object_component>
      <object_component id="oc-35a">
         <name>.debug_info</name>
         <load_address>0x192e3</load_address>
         <run_address>0x192e3</run_address>
         <size>0xea</size>
         <input_file_ref idref="fl-54"/>
      </object_component>
      <object_component id="oc-337">
         <name>.debug_info</name>
         <load_address>0x193cd</load_address>
         <run_address>0x193cd</run_address>
         <size>0x697</size>
         <input_file_ref idref="fl-56"/>
      </object_component>
      <object_component id="oc-305">
         <name>.debug_info</name>
         <load_address>0x19a64</load_address>
         <run_address>0x19a64</run_address>
         <size>0x1a3</size>
         <input_file_ref idref="fl-56"/>
      </object_component>
      <object_component id="oc-32f">
         <name>.debug_info</name>
         <load_address>0x19c07</load_address>
         <run_address>0x19c07</run_address>
         <size>0x690</size>
         <input_file_ref idref="fl-57"/>
      </object_component>
      <object_component id="oc-2ff">
         <name>.debug_info</name>
         <load_address>0x1a297</load_address>
         <run_address>0x1a297</run_address>
         <size>0x182</size>
         <input_file_ref idref="fl-57"/>
      </object_component>
      <object_component id="oc-3c8">
         <name>.debug_info</name>
         <load_address>0x1a419</load_address>
         <run_address>0x1a419</run_address>
         <size>0xb4</size>
      </object_component>
      <object_component id="oc-245">
         <name>.debug_line</name>
         <load_address>0x0</load_address>
         <run_address>0x0</run_address>
         <size>0x54</size>
         <input_file_ref idref="fl-2"/>
      </object_component>
      <object_component id="oc-84">
         <name>.debug_line</name>
         <load_address>0x54</load_address>
         <run_address>0x54</run_address>
         <size>0x4c</size>
         <input_file_ref idref="fl-2"/>
      </object_component>
      <object_component id="oc-6e">
         <name>.debug_line</name>
         <load_address>0xa0</load_address>
         <run_address>0xa0</run_address>
         <size>0x20</size>
         <input_file_ref idref="fl-2"/>
      </object_component>
      <object_component id="oc-16f">
         <name>.debug_line</name>
         <load_address>0xc0</load_address>
         <run_address>0xc0</run_address>
         <size>0x55</size>
         <input_file_ref idref="fl-2"/>
      </object_component>
      <object_component id="oc-a9">
         <name>.debug_line</name>
         <load_address>0x115</load_address>
         <run_address>0x115</run_address>
         <size>0x48</size>
         <input_file_ref idref="fl-1f"/>
      </object_component>
      <object_component id="oc-5f">
         <name>.debug_line</name>
         <load_address>0x15d</load_address>
         <run_address>0x15d</run_address>
         <size>0x2a</size>
         <input_file_ref idref="fl-1f"/>
      </object_component>
      <object_component id="oc-19">
         <name>.debug_line</name>
         <load_address>0x187</load_address>
         <run_address>0x187</run_address>
         <size>0x5d</size>
         <input_file_ref idref="fl-1f"/>
      </object_component>
      <object_component id="oc-6b">
         <name>.debug_line</name>
         <load_address>0x1e4</load_address>
         <run_address>0x1e4</run_address>
         <size>0x8a</size>
         <input_file_ref idref="fl-20"/>
      </object_component>
      <object_component id="oc-7">
         <name>.debug_line</name>
         <load_address>0x26e</load_address>
         <run_address>0x26e</run_address>
         <size>0x53</size>
         <input_file_ref idref="fl-20"/>
      </object_component>
      <object_component id="oc-29">
         <name>.debug_line</name>
         <load_address>0x2c1</load_address>
         <run_address>0x2c1</run_address>
         <size>0x3a</size>
         <input_file_ref idref="fl-20"/>
[...]
         </contents>
      </load_segment>
      <load_segment id="lg-3cd" display="no" color="cyan">
         <name>SEGMENT_1</name>
         <run_address>0xf060</run_address>
         <size>0xc68</size>
         <flags>0x6</flags>
         <contents>
            <logical_group_ref idref="lg-371"/>
            <logical_group_ref idref="lg-372"/>
            <logical_group_ref idref="lg-36e"/>
            <logical_group_ref idref="lg-373"/>
         </contents>
      </load_segment>
      <load_segment id="lg-3ce" display="no" color="cyan">
         <name>SEGMENT_2</name>
         <load_address>0xfcc8</load_address>
         <run_address>0xfcc8</run_address>
         <size>0x138</size>
         <flags>0x4</flags>
         <contents>
            <logical_group_ref idref="lg-36c"/>
         </contents>
      </load_segment>
      <load_segment id="lg-3cf" display="no" color="cyan">
         <name>SEGMENT_3</name>
         <run_address>0xfe00</run_address>
         <size>0x120</size>
         <flags>0x6</flags>
         <contents>
            <logical_group_ref idref="lg-375"/>
         </contents>
      </load_segment>
      <load_segment id="lg-3d0" display="no" color="cyan">
         <name>SEGMENT_4</name>
         <load_address>0xff20</load_address>
         <run_address>0xff20</run_address>
         <size>0xc8</size>
         <flags>0x4</flags>
         <contents>
            <logical_group_ref idref="lg-374"/>
            <logical_group_ref idref="lg-36f"/>
         </contents>
      </load_segment>
   </logical_group_list>
   <placement_map>
      <memory_area display="yes" color="green">
         <name>NEARRAM</name>
         <page_id>0x0</page_id>
         <origin>0x1</origin>
         <length>0x7fff</length>
         <used_space>0x0</used_space>
         <unused_space>0x7fff</unused_space>
         <attributes>RWIX</attributes>
         <usage_details>
         </usage_details>
      </memory_area>
      <memory_area display="yes" color="green">
         <name>RAM</name>
         <page_id>0x0</page_id>
         <origin>0x8000</origin>
         <length>0xfffffffe</length>
         <used_space>0x7fe4</used_space>
         <unused_space>0xffff801a</unused_space>
         <attributes>RWIX</attributes>
         <usage_details>
            <allocated_space>
               <start_address>0x8000</start_address>
               <size>0x7060</size>
               <logical_group_ref idref="lg-36b"/>
            </allocated_space>
            <allocated_space>
               <start_address>0xf060</start_address>
               <size>0x400</size>
               <logical_group_ref idref="lg-371"/>
            </allocated_space>
            <allocated_space>
               <start_address>0xf460</start_address>
               <size>0x400</size>
               <logical_group_ref idref="lg-372"/>
            </allocated_space>
            <allocated_space>
               <start_address>0xf860</start_address>
               <size>0x31c</size>
               <logical_group_ref idref="lg-36e"/>
            </allocated_space>
            <available_space>
               <start_address>0xfb7c</start_address>
               <size>0x4</size>
            </available_space>
            <allocated_space>
               <start_address>0xfb80</start_address>
               <size>0x148</size>
               <logical_group_ref idref="lg-373"/>
            </allocated_space>
            <allocated_space>
               <start_address>0xfcc8</start_address>
               <size>0x138</size>
               <logical_group_ref idref="lg-36c"/>
            </allocated_space>
            <allocated_space>
               <start_address>0xfe00</start_address>
               <size>0x120</size>
               <logical_group_ref idref="lg-375"/>
            </allocated_space>
            <allocated_space>
               <start_address>0xff20</start_address>
               <size>0x38</size>
               <logical_group_ref idref="lg-374"/>
            </allocated_space>
            <allocated_space>
               <start_address>0xff58</start_address>
               <size>0x90</size>
               <logical_group_ref idref="lg-36f"/>
            </allocated_space>
            <available_space>
               <start_address>0xffe8</start_address>
               <size>0xffff8016</size>
            </available_space>
         </usage_details>
      </memory_area>
   </placement_map>
   <cptbl_list>
      <cptbl>
         <name>__TI_cinit_table</name>
         <cprec>
            <name>.fardata</name>
            <load_address>0xff58</load_address>
            <load_size>0x6b</load_size>
            <run_address>0xf860</run_address>
            <run_size>0x31c</run_size>
            <compression>rle</compression>
         </cprec>
         <cprec>
            <name>.far</name>
            <load_address>0xffc3</load_address>
            <load_size>0xb</load_size>
            <run_address>0xfb80</run_address>
            <run_size>0x148</run_size>
            <compression>rle</compression>
         </cprec>
      </cptbl>
   </cptbl_list>
   <handler_table>
      <handler_table_name>__TI_handler_table</handler_table_name>
      <handler>
         <index>0x0</index>
         <name>__TI_decompress_rle24</name>
      </handler>
      <handler>
         <index>0x1</index>
         <name>__TI_decompress_none</name>
      </handler>
   </handler_table>
   <symbol_table>
      <symbol id="sm-1">
         <name>__TI_CINIT_Base</name>
         <value>0xffd8</value>
      </symbol>
      <symbol id="sm-2">
         <name>__TI_CINIT_Limit</name>
         <value>0xffe8</value>
      </symbol>
      <symbol id="sm-3">
         <name>__TI_Handler_Table_Base</name>
         <value>0xffd0</value>
      </symbol>
      <symbol id="sm-4">
         <name>__TI_Handler_Table_Limit</name>
         <value>0xffd8</value>
      </symbol>
      <symbol id="sm-5">
         <name>binit</name>
         <value>0xffffffff</value>
      </symbol>
      <symbol id="sm-6">
         <name>__binit__</name>
         <value>0xffffffff</value>
      </symbol>
      <symbol id="sm-7">
         <name>__TI_STACK_SIZE</name>
         <value>0x400</value>
      </symbol>
      <symbol id="sm-8">
         <name>__TI_STACK_END</name>
         <value>0xf460</value>
      </symbol>
      <symbol id="sm-9">
         <name>__TI_SYSMEM_SIZE</name>
         <value>0x400</value>
      </symbol>
      <symbol id="sm-a">
         <name>__c_args__</name>
         <value>0xffffffff</value>
      </symbol>
      <symbol id="sm-b">
         <name>__TI_pprof_out_hndl</name>
         <value>0xffffffff</value>
      </symbol>
      <symbol id="sm-c">
         <name>__TI_prof_data_start</name>
         <value>0xffffffff</value>
      </symbol>
      <symbol id="sm-d">
         <name>__TI_prof_data_size</name>
         <value>0xffffffff</value>
      </symbol>
      <symbol id="sm-3f">
         <name>main</name>
         <value>0xef00</value>
         <object_component_ref idref="oc-80"/>
      </symbol>
      <symbol id="sm-55">
         <name>_c_int00</name>
         <value>0xea40</value>
         <object_component_ref idref="oc-15"/>
      </symbol>
      <symbol id="sm-56">
         <name>_stack</name>
         <value>0xf060</value>
         <object_component_ref idref="oc-1b"/>
      </symbol>
      <symbol id="sm-6d">
         <name>__TI_decompress_none</name>
         <value>0xf020</value>
         <object_component_ref idref="oc-3"/>
      </symbol>
      <symbol id="sm-98">
         <name>__TI_decompress_rle24</name>
         <value>0xf040</value>
         <object_component_ref idref="oc-9"/>
      </symbol>
      <symbol id="sm-ba">
         <name>C$$EXIT</name>
         <value>0xf000</value>
         <object_component_ref idref="oc-8b"/>
      </symbol>
      <symbol id="sm-bb">
         <name>abort</name>
         <value>0xf000</value>
         <object_component_ref idref="oc-8b"/>
      </symbol>
      <symbol id="sm-bc">
         <name>exit</name>
         <value>0xdd40</value>
         <object_component_ref idref="oc-4b"/>
      </symbol>
      <symbol id="sm-bd">
         <name>__TI_dtors_ptr</name>
         <value>0xfb5c</value>
         <object_component_ref idref="oc-88"/>
      </symbol>
      <symbol id="sm-be">
         <name>__TI_cleanup_ptr</name>
         <value>0xfb58</value>
         <object_component_ref idref="oc-88"/>
      </symbol>
      <symbol id="sm-bf">
         <name>__TI_enable_exit_profile_output</name>
         <value>0xfb60</value>
         <object_component_ref idref="oc-88"/>
      </symbol>
      <symbol id="sm-c8">
         <name>memcpy</name>
         <value>0xe8a0</value>
         <object_component_ref idref="oc-21"/>
      </symbol>
      <symbol id="sm-d8">
         <name>memset</name>
         <value>0xdf00</value>
         <object_component_ref idref="oc-39"/>
      </symbol>
      <symbol id="sm-e1">
         <name>_system_pre_init</name>
         <value>0xefe0</value>
         <object_component_ref idref="oc-51"/>
      </symbol>
      <symbol id="sm-109">
         <name>printf</name>
         <value>0xdfe0</value>
         <object_component_ref idref="oc-bd"/>
      </symbol>
      <symbol id="sm-11f">
         <name>_nop</name>
         <value>0xef60</value>
         <object_component_ref idref="oc-116"/>
      </symbol>
      <symbol id="sm-120">
         <name>_lock</name>
         <value>0xfb6c</value>
         <object_component_ref idref="oc-e1"/>
      </symbol>
      <symbol id="sm-121">
         <name>_unlock</name>
         <value>0xfb70</value>
         <object_component_ref idref="oc-e7"/>
      </symbol>
      <symbol id="sm-2ee">
         <name>__TI_printfi</name>
         <value>0x8000</value>
         <object_component_ref idref="oc-f6"/>
      </symbol>
      <symbol id="sm-300">
         <name>_args_main</name>
         <value>0xee80</value>
         <object_component_ref idref="oc-45"/>
      </symbol>
      <symbol id="sm-314">
         <name>atoi</name>
         <value>0xd7c0</value>
         <object_component_ref idref="oc-133"/>
      </symbol>
      <symbol id="sm-33a">
         <name>_auto_init_elf</name>
         <value>0xcf80</value>
         <object_component_ref idref="oc-57"/>
      </symbol>
      <symbol id="sm-351">
         <name>copy_in</name>
         <value>0xd8c0</value>
         <object_component_ref idref="oc-94"/>
      </symbol>
      <symbol id="sm-35b">
         <name>_ctypes_</name>
         <value>0xfcc8</value>
         <object_component_ref idref="oc-1a3"/>
      </symbol>
      <symbol id="sm-36b">
         <name>__TI_tmpnams</name>
         <value>0xfb80</value>
      </symbol>
      <symbol id="sm-36c">
         <name>_ftable</name>
         <value>0xf860</value>
         <object_component_ref idref="oc-e4"/>
      </symbol>
      <symbol id="sm-36d">
         <name>__TI_ft_end</name>
         <value>0xfb74</value>
         <object_component_ref idref="oc-2a0"/>
      </symbol>
      <symbol id="sm-38c">
         <name>__c6xabi_divd</name>
         <value>0xa2c0</value>
         <object_component_ref idref="oc-1bc"/>
      </symbol>
      <symbol id="sm-395">
         <name>__c6xabi_divu</name>
         <value>0xe300</value>
         <object_component_ref idref="oc-1b5"/>
      </symbol>
      <symbol id="sm-396">
         <name>__divu</name>
         <value>0xe300</value>
         <object_component_ref idref="oc-1b5"/>
      </symbol>
      <symbol id="sm-3b4">
         <name>putc</name>
         <value>0xc4e0</value>
         <object_component_ref idref="oc-125"/>
      </symbol>
      <symbol id="sm-3b5">
         <name>fputc</name>
         <value>0xc4e0</value>
         <object_component_ref idref="oc-125"/>
      </symbol>
      <symbol id="sm-3e1">
         <name>fputs</name>
         <value>0xb720</value>
         <object_component_ref idref="oc-12c"/>
      </symbol>
      <symbol id="sm-3f4">
         <name>__TI_frcmpyd_div</name>
         <value>0xebc0</value>
         <object_component_ref idref="oc-223"/>
      </symbol>
      <symbol id="sm-408">
         <name>frexpl</name>
         <value>0xcc80</value>
         <object_component_ref idref="oc-1d7"/>
      </symbol>
      <symbol id="sm-409">
         <name>frexp</name>
         <value>0xcc80</value>
         <object_component_ref idref="oc-1d7"/>
      </symbol>
      <symbol id="sm-41a">
         <name>__c6xabi_divul</name>
         <value>0xc920</value>
         <object_component_ref idref="oc-1af"/>
      </symbol>
      <symbol id="sm-437">
         <name>_subcull</name>
         <value>0xeec0</value>
         <object_component_ref idref="oc-212"/>
      </symbol>
      <symbol id="sm-438">
         <name>__c6xabi_divull</name>
         <value>0xc060</value>
         <object_component_ref idref="oc-1a9"/>
      </symbol>
      <symbol id="sm-441">
         <name>__c6xabi_isinf</name>
         <value>0xee00</value>
         <object_component_ref idref="oc-145"/>
      </symbol>
      <symbol id="sm-452">
         <name>ldexpl</name>
         <value>0xd360</value>
         <object_component_ref idref="oc-1dd"/>
      </symbol>
      <symbol id="sm-453">
         <name>ldexp</name>
         <value>0xd360</value>
         <object_component_ref idref="oc-1dd"/>
      </symbol>
      <symbol id="sm-46e">
         <name>__c6xabi_llshru</name>
         <value>0xec80</value>
         <object_component_ref idref="oc-218"/>
      </symbol>
      <symbol id="sm-46f">
         <name>__c6xabi_llshl</name>
         <value>0xe9c0</value>
         <object_component_ref idref="oc-20c"/>
      </symbol>
      <symbol id="sm-47f">
         <name>ltoa</name>
         <value>0xde20</value>
         <object_component_ref idref="oc-1c2"/>
      </symbol>
      <symbol id="sm-490">
         <name>memccpy</name>
         <value>0xed40</value>
         <object_component_ref idref="oc-163"/>
      </symbol>
      <symbol id="sm-499">
         <name>_system_post_cinit</name>
         <value>0xefc0</value>
         <object_component_ref idref="oc-9a"/>
      </symbol>
      <symbol id="sm-4b2">
         <name>__TI_tls_init</name>
         <value>0xe600</value>
         <object_component_ref idref="oc-a0"/>
      </symbol>
      <symbol id="sm-4d6">
         <name>_stream</name>
         <value>0xfa40</value>
         <object_component_ref idref="oc-1fc"/>
      </symbol>
      <symbol id="sm-4d7">
         <name>_device</name>
         <value>0xfae0</value>
         <object_component_ref idref="oc-269"/>
      </symbol>
      <symbol id="sm-4d8">
         <name>write</name>
         <value>0xeda0</value>
         <object_component_ref idref="oc-193"/>
      </symbol>
      <symbol id="sm-4ee">
         <name>__TI_wrt_ok</name>
         <value>0xd6c0</value>
         <object_component_ref idref="oc-18d"/>
      </symbol>
      <symbol id="sm-4ff">
         <name>__errno</name>
         <value>0xfb78</value>
         <object_component_ref idref="oc-293"/>
      </symbol>
      <symbol id="sm-500">
         <name>errno</name>
         <value>0xfb78</value>
         <object_component_ref idref="oc-293"/>
      </symbol>
      <symbol id="sm-501">
         <name>__c6xabi_errno_addr</name>
         <value>0xef40</value>
         <object_component_ref idref="oc-238"/>
      </symbol>
      <symbol id="sm-510">
         <name>__TI_doflush</name>
         <value>0xe240</value>
         <object_component_ref idref="oc-199"/>
      </symbol>
      <symbol id="sm-525">
         <name>fseek</name>
         <value>0xd4a0</value>
         <object_component_ref idref="oc-1ee"/>
      </symbol>
      <symbol id="sm-535">
         <name>HOSTclose</name>
         <value>0xe6c0</value>
         <object_component_ref idref="oc-2c9"/>
      </symbol>
      <symbol id="sm-545">
         <name>HOSTlseek</name>
         <value>0xd9c0</value>
         <object_component_ref idref="oc-2db"/>
      </symbol>
      <symbol id="sm-559">
         <name>parmbuf</name>
         <value>0xfcc0</value>
      </symbol>
      <symbol id="sm-55a">
         <name>HOSTopen</name>
         <value>0xdaa0</value>
         <object_component_ref idref="oc-2c3"/>
      </symbol>
      <symbol id="sm-56a">
         <name>HOSTread</name>
         <value>0xe0c0</value>
         <object_component_ref idref="oc-2cf"/>
      </symbol>
      <symbol id="sm-588">
         <name>HOSTrename</name>
         <value>0xcae0</value>
         <object_component_ref idref="oc-2e7"/>
      </symbol>
      <symbol id="sm-59b">
         <name>HOSTunlink</name>
         <value>0xe180</value>
         <object_component_ref idref="oc-2e1"/>
      </symbol>
      <symbol id="sm-5ab">
         <name>HOSTwrite</name>
         <value>0xdb80</value>
         <object_component_ref idref="oc-2d5"/>
      </symbol>
      <symbol id="sm-5ba">
         <name>lseek</name>
         <value>0xece0</value>
         <object_component_ref idref="oc-246"/>
      </symbol>
      <symbol id="sm-5d4">
         <name>setvbuf</name>
         <value>0xc700</value>
         <object_component_ref idref="oc-1f4"/>
      </symbol>
      <symbol id="sm-5fa">
         <name>__TI_readmsg</name>
         <value>0xe940</value>
         <object_component_ref idref="oc-31b"/>
      </symbol>
      <symbol id="sm-5fb">
         <name>C$$IO$$</name>
         <value>0xec78</value>
         <object_component_ref idref="oc-315"/>
      </symbol>
      <symbol id="sm-5fc">
         <name>__CIOBUF_</name>
         <value>0xfe00</value>
         <object_component_ref idref="oc-33c"/>
      </symbol>
      <symbol id="sm-5fd">
         <name>__TI_writemsg</name>
         <value>0xec20</value>
         <object_component_ref idref="oc-315"/>
      </symbol>
      <symbol id="sm-610">
         <name>__TI_cleanup</name>
         <value>0xe760</value>
         <object_component_ref idref="oc-24e"/>
      </symbol>
      <symbol id="sm-685">
         <name>_sys_memory</name>
         <value>0xf460</value>
         <object_component_ref idref="oc-1e"/>
      </symbol>
      <symbol id="sm-686">
         <name>free</name>
         <value>0xb2e0</value>
         <object_component_ref idref="oc-254"/>
      </symbol>
      <symbol id="sm-687">
         <name>malloc</name>
         <value>0xce00</value>
         <object_component_ref idref="oc-25a"/>
      </symbol>
      <symbol id="sm-688">
         <name>_minit</name>
         <value>0xe800</value>
         <object_component_ref idref="oc-2ba"/>
      </symbol>
      <symbol id="sm-69f">
         <name>__TI_closefile</name>
         <value>0xd0e0</value>
         <object_component_ref idref="oc-2a3"/>
      </symbol>
      <symbol id="sm-6cc">
         <name>finddevice</name>
         <value>0xeac0</value>
         <object_component_ref idref="oc-350"/>
      </symbol>
      <symbol id="sm-6cd">
         <name>getdevice</name>
         <value>0xd220</value>
         <object_component_ref idref="oc-330"/>
      </symbol>
      <symbol id="sm-6de">
         <name>unlink</name>
         <value>0xeb40</value>
         <object_component_ref idref="oc-304"/>
      </symbol>
      <symbol id="sm-6f0">
         <name>close</name>
         <value>0xdc60</value>
         <object_component_ref idref="oc-2fe"/>
      </symbol>
      <symbol id="sm-6f1">
         <name>__TI_STATIC_BASE</name>
         <value>0x0</value>
      </symbol>
      <symbol id="sm-6f3">
         <name>__TI_INITARRAY_Limit</name>
         <value>0x0</value>
      </symbol>
      <symbol id="sm-6f4">
         <name>__TI_INITARRAY_Base</name>
         <value>0x0</value>
      </symbol>
      <symbol id="sm-6f5">
         <name>__TI_TLS_INIT_Base</name>
         <value>0x0</value>
      </symbol>
      <symbol id="sm-6f6">
         <name>__TI_TLS_INIT_Limit</name>
         <value>0x0</value>
      </symbol>
      <symbol id="sm-6f7">
         <name>remove</name>
         <value>0xeb40</value>
      </symbol>
   </symbol_table>
   <title>Link successful</title>
</link_info>
